
==========
== CUDA ==
==========

CUDA Version 12.8.0

Container image Copyright (c) 2016-2023, NVIDIA CORPORATION & AFFILIATES. All rights reserved.

This container image and its contents are governed by the NVIDIA Deep Learning Container License.
By pulling and using the container, you accept the terms and conditions of this license:
https://developer.nvidia.com/ngc/nvidia-deep-learning-container-license

A copy of this license is made available in this container at /NGC-DL-CONTAINER-LICENSE for your convenience.

========================================
PyTorch Version Test
========================================
Torch constraint: >=2.3.0,<2.4.0
Torchvision constraint: >=0.18.0,<0.19.0
PyTorch index: http://pypi-nginx/cu121/
PyPI index: http://pypi-nginx/pypi/

Initialized project `test-env` at `/tmp/test-env`
Installing torch and torchvision...
warning: Indexes specified via `--index-url` will not be persisted to the `pyproject.toml` file; use `--default-index` instead.
Using CPython 3.12.3 interpreter at: /usr/bin/python3
Creating virtual environment at: .venv
Resolved 25 packages in 1.64s
Downloading torch (744.7MiB)
Downloading torchvision (6.7MiB)
Downloading sympy (6.0MiB)
Downloading networkx (1.9MiB)
Downloading pillow (6.7MiB)
Downloading nvidia-cusolver-cu12 (118.4MiB)
Downloading numpy (15.9MiB)
Downloading nvidia-cublas-cu12 (391.6MiB)
Downloading nvidia-cuda-cupti-cu12 (13.5MiB)
Downloading nvidia-cudnn-cu12 (697.8MiB)
Downloading nvidia-nccl-cu12 (168.1MiB)
Downloading nvidia-cusparse-cu12 (186.9MiB)
Downloading nvidia-cufft-cu12 (116.0MiB)
Downloading nvidia-curand-cu12 (53.9MiB)
Downloading nvidia-cuda-nvrtc-cu12 (22.6MiB)
Downloading nvidia-nvjitlink-cu12 (37.9MiB)
 Downloading torchvision
 Downloading networkx
 Downloading sympy
 Downloading pillow
 Downloading nvidia-cuda-cupti-cu12
 Downloading numpy
 Downloading torch
 Downloading nvidia-cuda-nvrtc-cu12
 Downloading nvidia-nvjitlink-cu12
 Downloading nvidia-curand-cu12
 Downloading nvidia-cufft-cu12
 Downloading nvidia-cusolver-cu12
 Downloading nvidia-nccl-cu12
 Downloading nvidia-cusparse-cu12
 Downloading nvidia-cublas-cu12
 Downloading nvidia-cudnn-cu12
Prepared 24 packages in 3m 23s
Installed 24 packages in 154ms
 + filelock==3.20.0
 + fsspec==2025.10.0
 + jinja2==3.1.6
 + markupsafe==3.0.3
 + mpmath==1.3.0
 + networkx==3.5
 + numpy==2.3.4
 + nvidia-cublas-cu12==12.1.3.1
 + nvidia-cuda-cupti-cu12==12.1.105
 + nvidia-cuda-nvrtc-cu12==12.1.105
 + nvidia-cuda-runtime-cu12==12.1.105
 + nvidia-cudnn-cu12==8.9.2.26
 + nvidia-cufft-cu12==11.0.2.54
 + nvidia-curand-cu12==10.3.2.106
 + nvidia-cusolver-cu12==11.4.5.107
 + nvidia-cusparse-cu12==12.1.0.106
 + nvidia-nccl-cu12==2.20.5
 + nvidia-nvjitlink-cu12==12.9.86
 + nvidia-nvtx-cu12==12.1.105
 + pillow==12.0.0
 + sympy==1.14.0
 + torch==2.3.1+cu121
 + torchvision==0.18.1+cu121
 + typing-extensions==4.15.0

========================================
Running test...
========================================
======================================================================
PyTorch迺ｰ蠅・ュ蝣ｱ
======================================================================
PyTorch Version: 2.3.1+cu121
Torchvision Version: 0.18.1+cu121
Python Version: 3.12.3 (main, Aug 14 2025, 17:47:21) [GCC 13.3.0]
CUDA Available: True
CUDA Version: 12.1
cuDNN Version: 8902
GPU Device Count: 1
  Device 0: NVIDIA GeForce RTX 4070
    Total Memory: 11.99 GB
    Compute Capability: 8.9

======================================================================
GPU繝・Φ繧ｽ繝ｫ貍皮ｮ励ユ繧ｹ繝・======================================================================
  Matrix Shape: torch.Size([1000, 1000])
  Matrix Device: cuda:0
  Matrix dtype: torch.float32
  笨・GPU陦悟・貍皮ｮ玲・蜉・
======================================================================
笨・縺吶∋縺ｦ縺ｮ繝・せ繝亥ｮ御ｺ・======================================================================
